// Jest Snapshot v1, https://goo.gl/fbAQLP

exports[`matches snapshot 1`] = `
<DocumentFragment>
  <div>
    <form>
      <h3>
        Log In
      </h3>
      <div>
        <label>
          Username
        </label>
        <input
          name="username"
          required=""
          value=""
        />
      </div>
      <div>
        <label>
          Password
        </label>
        <input
          name="password"
          required=""
          type="password"
          value=""
        />
      </div>
      <button
        type="submit"
      >
         Submit 
      </button>
    </form>
  </div>
</DocumentFragment>
`;
