// Jest Snapshot v1, https://goo.gl/fbAQLP

exports[`matches snapshot 1`] = `
<DocumentFragment>
  <div>
    <form>
      <h3>
        Sign Up
      </h3>
      <div>
        <label>
          Username
        </label>
        <input
          name="username"
          required=""
          type="text"
          value=""
        />
      </div>
      <div>
        <label>
          Password
        </label>
        <input
          name="password"
          required=""
          type="password"
          value=""
        />
      </div>
      <div>
        <label>
          First Name
        </label>
        <input
          name="firstName"
          required=""
          type="text"
          value=""
        />
      </div>
      <div>
        <label>
          Last Name
        </label>
        <input
          name="lastName"
          required=""
          type="text"
          value=""
        />
      </div>
      <div>
        <label>
          Email
        </label>
        <input
          name="email"
          required=""
          type="email"
          value=""
        />
      </div>
      <button
        type="submit"
      >
        Submit
      </button>
    </form>
  </div>
</DocumentFragment>
`;
